Internal ctest changing into directory: /work/build/qt64
Test project /work/build/qt64
    Start 2: studio-projects-qml
    Test #2: studio-projects-qml ..............   Passed   10.24 sec
    Start 2: studio-projects-qml
    Test #2: studio-projects-qml ..............   Passed   10.00 sec
    Start 2: studio-projects-qml
1/3 Test #2: studio-projects-qml ..............   Passed   10.18 sec
    Start 4: studio-projects-resize
    Test #4: studio-projects-resize ...........   Passed   10.40 sec
    Start 4: studio-projects-resize
    Test #4: studio-projects-resize ...........   Passed   10.43 sec
    Start 4: studio-projects-resize
2/3 Test #4: studio-projects-resize ...........   Passed   10.67 sec
    Start 8: studio-home-qml
    Test #8: studio-home-qml ..................   Passed   26.68 sec
    Start 8: studio-home-qml
    Test #8: studio-home-qml ..................   Passed   25.54 sec
    Start 8: studio-home-qml
3/3 Test #8: studio-home-qml ..................   Passed   27.21 sec

100% tests passed, 0 tests failed out of 3

Total Test time (real) = 141.35 sec
