Internal ctest changing into directory: /home/martin/src/mantis-studio-ui/build/qt69-sanitizers
Test project /home/martin/src/mantis-studio-ui/build/qt69-sanitizers
    Start 2: studio-projects-qml
    Test #2: studio-projects-qml ..............   Passed   13.74 sec
    Start 2: studio-projects-qml
    Test #2: studio-projects-qml ..............   Passed   14.01 sec
    Start 2: studio-projects-qml
    Test #2: studio-projects-qml ..............   Passed   13.84 sec
    Start 2: studio-projects-qml
    Test #2: studio-projects-qml ..............   Passed   13.80 sec
    Start 2: studio-projects-qml
    Test #2: studio-projects-qml ..............   Passed   13.73 sec
    Start 2: studio-projects-qml
    Test #2: studio-projects-qml ..............   Passed   13.99 sec
    Start 2: studio-projects-qml
    Test #2: studio-projects-qml ..............   Passed   13.65 sec
    Start 2: studio-projects-qml
    Test #2: studio-projects-qml ..............   Passed   13.68 sec
    Start 2: studio-projects-qml
    Test #2: studio-projects-qml ..............   Passed   13.72 sec
    Start 2: studio-projects-qml
1/1 Test #2: studio-projects-qml ..............   Passed   13.79 sec

100% tests passed, 0 tests failed out of 1

Total Test time (real) = 137.95 sec
